Statement for BigCoII
 Henry V: $630.00 (53 seats)
 As You Like It: $650.00 (55 seats)
Amount owed is $1,280.00
You earned 48 credits
